01:34:20 **** Incremental Build of configuration Debug for project 1-led-toggle-addr-struct ****
make -j16 all 
arm-none-eabi-gcc "../Core/Src/main.c" -mcpu=cortex-m4 -std=gnu11 -g3 -DDEBUG -DUSE_HAL_DRIVER -DSTM32F439xx -c -I../Core/Inc -I../Drivers/STM32F4xx_HAL_Driver/Inc -I../Drivers/STM32F4xx_HAL_Driver/Inc/Legacy -I../Drivers/CMSIS/Device/ST/STM32F4xx/Include -I../Drivers/CMSIS/Include -O0 -ffunction-sections -fdata-sections -Wall -fstack-usage -fcyclomatic-complexity -MMD -MP -MF"Core/Src/main.d" -MT"Core/Src/main.o" --specs=nano.specs -mfpu=fpv4-sp-d16 -mfloat-abi=hard -mthumb -o "Core/Src/main.o"
arm-none-eabi-gcc -o "1-led-toggle-addr-struct.elf" @"objects.list"   -mcpu=cortex-m4 -T"C:\Users\wyatt\stm32workfolder\bare-metal-drivers\1-led-toggle-addr-struct\STM32F439ZITX_FLASH.ld" --specs=nosys.specs -Wl,-Map="1-led-toggle-addr-struct.map" -Wl,--gc-sections -static --specs=nano.specs -mfpu=fpv4-sp-d16 -mfloat-abi=hard -mthumb -Wl,--start-group -lc -lm -Wl,--end-group
Finished building target: 1-led-toggle-addr-struct.elf
 
arm-none-eabi-size  1-led-toggle-addr-struct.elf 
arm-none-eabi-objdump -h -S 1-led-toggle-addr-struct.elf  > "1-led-toggle-addr-struct.list"
   text	   data	    bss	    dec	    hex	filename
    940	      4	   1572	   2516	    9d4	1-led-toggle-addr-struct.elf
Finished building: default.size.stdout
 
Finished building: 1-led-toggle-addr-struct.list
 
01:34:28 **** Incremental Build of configuration Debug for project 1-led-toggle-addr-struct ****
make -j16 all 
arm-none-eabi-size  1-led-toggle-addr-struct.elf 
   text	   data	    bss	    dec	    hex	filename
    940	      4	   1572	   2516	    9d4	1-led-toggle-addr-struct.elf
Finished building: default.size.stdout
 
